Number of words: 8
    winter foo
    spring foo
    summer foo
    autumn foo

Hello Joe!